main.c:90:5:main	8	static
main.c:144:6:SystemClock_Config	88	static
main.c:185:6:system_init	8	static
main.c:201:6:test_LedDebug	8	static
main.c:208:6:test_LedY0	8	static
main.c:217:6:test_LedY1	8	static
main.c:225:6:test_7seg	8	static
main.c:231:6:test_button	32	static
main.c:238:6:test_lcd	24	static
main.c:248:6:Toggle_RED	16	static
main.c:254:6:Toggle_GREEN	16	static
main.c:259:6:Toggle_YELLOW	16	static
main.c:265:6:fsm_run	24	static
main.c:344:6:man_run	24	static
main.c:405:6:Error_Handler	4	static,ignoring_inline_asm
